npm i method-override
nodemon index.js
cd desktop
cd REST_CLASS
cd MISCELLENEOUS
cd MISCELLENOUS
cd cd ..
cd ..
cd MISCELLENOUS
cd REST_CLASS
nodemon index.js
cd Project1
cd desktop
cd Project1
nodemon index.js
nodemon app.js
cd ..
cd PROJECT1
ls
nodemon app.js
nodemon app.js
nodemon index.js
clear
cd init
nodemon index.js
node index.js
cd ..
cd ..
cd init
cd init
cd PROJECT1
cd init
nodemon index.js
clear
nodemon index.js
nodemon index.js
nodemon index.js
clear
nodemon index.js
nodemon index.js
nodemon index.js
nodemon index.js
nodemon index.js
nodemon index.js
cd ..
clear
nodemon app.js
clear
nodemon app.js
clear
nodemon app.js
clear
nodemon app.js
clear
nodemon app.js
clear
nodemon app.js
cd desktop
cd PROJECT1
ls
nodemon app.js
clear
nodemon app.js
cd desktop
cd PROJECT1
nodemon app.js
npm i method-override
nodemon app.js
clear
nodemon app.js
clear
nodemon app.js
nodemon app.js
nodemon app.js
clear
npm i ejs-mate
nodemon app.js
clear
nodemon app.js
nodemon app.js
clear
nodemon app.js
cd desktop
cd Project1
cd REST_CLASS
cd ..
cd MISCELLENOUS
cd REST_CLASS
ls
nodemon index.js
clear
nodemon index.js
cd desktop
cd PROJECT1
nodemon app.jd
nodemon app.jd
nodemon app.jd
nodemon app.jd
nodemon app.jd
nodemon app.js
nodemon app.js
nodemon app.js
nodemon app.js
nodemon app.js
clear
clear
clear
nodemon app.js
clear
npm i ejs-mate
nodemon app.js
nodemon app.js
npm i ejs-mate
clear
nodemon app.js
nodemon app.js
cd desktop
cd PROJECT1
nodemon app.js
cd desktop
cd REE
ls
ls -la
cd desktop
cd PROJECT1
nodemon app.js
ls -la
git status
git add .
git status
git commit -m"add"
git add .
git remote add origin [200~https://github.com/Tasneeahmad01/Khan-bhai.git~
git remote add origin [200~https://github.com/Tasneeahmad01/Khan-bhai.git
git remote -v
git branch
git branch -M main
git branch 
git push origin main
git branch
git branch -M hello
git branch
git push origin hello
clear
git checkout -v
git checkout -b
git checkout -b hello
git status
git branch
git add .
git log
git remote add origin 
git remote add origin https://github.com/Tasneeahmad01/Tasneeahmad01.git
git remote add origin https://github.com/Tasneeahmad01/proGITTHUBfile.git
nodemon app.js
clear
nodemon app.js
ls -ls
ls -la
cd views
ls -la
git branch
git push origin asss
cd ..
git push origin asss
git status
git add .
git status
git commit -m"yyy"
git branch
git push origin joo
git branch -M main
git branch
git push origin main
git push origin main
git remote set-url origin https://github.com/your-username/your-repository.git
git push origin main
git push origin main
clear\
clear
nodemon app.js
cleaer
nodemon app.js
nodemon app.js
cd desktop
cd PROJECT1
nodemon app.js
cd desdktopo
cd desktop
cd PROJECT1
nodemon app.js
cd desktop
cd PROJECT1
ls -la
git status
git add .
git status
git branch
git add .
$ git config --global core.autocrlf true
$ git config --global core.autocrlf input
$ cd path/to/your/Project1
$ git add .
$ git commit -m "Your commit message here"
$ git push origin main
git push -f origin main 
$ git config --global core.autocrlf true
$ git config --global core.autocrlf input
git status
$ git add .
app.engine("ejs", ejsMate)
git push -f origin main 
git status
git remote show origin
git diff main origin/main
git checkout main
git add .
git commit -m "Your commit message"
git push -f origin main
cd
dell@DESKTOP-IH76GT1 MINGW64 ~ (main)
$ cd desktop
dell@DESKTOP-IH76GT1 MINGW64 ~/desktop (main)
$ cd PROJECT1
dell@DESKTOP-IH76GT1 MINGW64 ~/desktop/PROJECT1 (main)
$ ls -la
total 100
drwxr-xr-x 1 dell 197121     0 Feb 26 13:10 ./
drwxr-xr-x 1 dell 197121     0 Feb 26 12:28 ../
drwxr-xr-x 1 dell 197121     0 Feb 26 13:55 .git/
drwxr-xr-x 1 dell 197121     0 Feb 19 18:42 .vscode/
drwxr-xr-x 1 dell 197121     0 Feb 24 18:58 Khan-bhai/
drwxr-xr-x 1 dell 197121     0 Feb 26 13:10 Project1/
-rw-r--r-- 1 dell 197121  2204 Feb 24 23:34 app.js
drwxr-xr-x 1 dell 197121     0 Feb 20 10:47 init/
drwxr-xr-x 1 dell 197121     0 Feb 20 09:44 models/
drwxr-xr-x 1 dell 197121     0 Feb 21 23:50 node_modules/
-rw-r--r-- 1 dell 197121 43363 Feb 24 15:44 package-lock.json
-rw-r--r-- 1 dell 197121  2843 Feb 21 23:50 package.json
drwxr-xr-x 1 dell 197121     0 Feb 22 00:29 public/
drwxr-xr-x 1 dell 197121     0 Feb 25 00:04 views/
dell@DESKTOP-IH76GT1 MINGW64 ~/desktop/PROJECT1 (main)
$ git status
On branch main
Changes not staged for commit:
  (use "git add <file>..." to update what will be committed)
  (use "git restore <file>..." to discard changes in working directory)
        modified:   public/css/style.css
Untracked files:
  (use "git add <file>..." to include in what will be committed)
        Project1/
no changes added to commit (use "git add" and/or "git commit -a")
dell@DESKTOP-IH76GT1 MINGW64 ~/desktop/PROJECT1 (main)
$ git add .
warning: in the working copy of 'public/css/style.css', CRLF will be replaced by
 LF the next time Git touches it
error: 'Project1/' does not have a commit checked out
fatal: adding files failed
dell@DESKTOP-IH76GT1 MINGW64 ~/desktop/PROJECT1 (main)
$ git status
On branch main
Changes not staged for commit:
  (use "git add <file>..." to update what will be committed)
  (use "git restore <file>..." to discard changes in working directory)
        modified:   public/css/style.css
Untracked files:
  (use "git add <file>..." to include in what will be committed)
        Project1/
no changes added to commit (use "git add" and/or "git commit -a")
dell@DESKTOP-IH76GT1 MINGW64 ~/desktop/PROJECT1 (main)
$ git branch
* main
dell@DESKTOP-IH76GT1 MINGW64 ~/desktop/PROJECT1 (main)
$ git add .
warning: in the working copy of 'public/css/style.css', CRLF will be replaced by
 LF the next time Git touches it
error: 'Project1/' does not have a commit checked out
fatal: adding files failed
dell@DESKTOP-IH76GT1 MINGW64 ~/desktop/PROJECT1 (main)
$ ^C
dell@DESKTOP-IH76GT1 MINGW64 ~/desktop/PROJECT1 (main)
$ $ git config --global core.autocrlf true
bash: $: command not found
dell@DESKTOP-IH76GT1 MINGW64 ~/desktop/PROJECT1 (main)
$ $ git config --global core.autocrlf input
bash: $: command not found
dell@DESKTOP-IH76GT1 MINGW64 ~/desktop/PROJECT1 (main)
$ $ cd path/to/your/Project1
bash: $: command not found
dell@DESKTOP-IH76GT1 MINGW64 ~/desktop/PROJECT1 (main)
$ $ git add .
bash: $: command not found
dell@DESKTOP-IH76GT1 MINGW64 ~/desktop/PROJECT1 (main)
$ $ git commit -m "Your commit message here"
bash: $: command not found
dell@DESKTOP-IH76GT1 MINGW64 ~/desktop/PROJECT1 (main)
$ $ git push origin main
bash: $: command not found
dell@DESKTOP-IH76GT1 MINGW64 ~/desktop/PROJECT1 (main)
$ git push -f origin main
Enumerating objects: 1922, done.
Counting objects: 100% (1922/1922), done.
Delta compression using up to 4 threads
Compressing objects: 100% (1854/1854), done.
Writing objects: 100% (1922/1922), 3.10 MiB | 1.17 MiB/s, done.
Total 1922 (delta 231), reused 0 (delta 0), pack-reused 0
remote: Resolving deltas: 100% (231/231), done.
To https://github.com/Tasneeahmad01/Khan-bhai.git
 + 815125a...726d531 main -> main (forced update)
dell@DESKTOP-IH76GT1 MINGW64 ~/desktop/PROJECT1 (main)
$ $ git config --global core.autocrlf true
bash: $: command not found
dell@DESKTOP-IH76GT1 MINGW64 ~/desktop/PROJECT1 (main)
$ $ git config --global core.autocrlf input
bash: $: command not found
dell@DESKTOP-IH76GT1 MINGW64 ~/desktop/PROJECT1 (main)
$ git status
On branch main
Changes not staged for commit:
  (use "git add <file>..." to update what will be committed)
  (use "git restore <file>..." to discard changes in working directory)
        modified:   public/css/style.css
Untracked files:
  (use "git add <file>..." to include in what will be committed)
        Project1/
no changes added to commit (use "git add" and/or "git commit -a")
dell@DESKTOP-IH76GT1 MINGW64 ~/desktop/PROJECT1 (main)
$ $ git add .
bash: $: command not found
dell@DESKTOP-IH76GT1 MINGW64 ~/desktop/PROJECT1 (main)
$ app.engine("ejs", ejsMate)
bash: syntax error near unexpected token `"ejs",'

dell@DESKTOP-IH76GT1 MINGW64 ~/desktop/PROJECT1 (main)
$ git push -f origin main
Everything up-to-date

dell@DESKTOP-IH76GT1 MINGW64 ~/desktop/PROJECT1 (main)
$ ^C

dell@DESKTOP-IH76GT1 MINGW64 ~/desktop/PROJECT1 (main)
$ git status
On branch main
Changes not staged for commit:
  (use "git add <file>..." to update what will be committed)
  (use "git restore <file>..." to discard changes in working directory)
        modified:   public/css/style.css

Untracked files:
  (use "git add <file>..." to include in what will be committed)
        Project1/

no changes added to commit (use "git add" and/or "git commit -a")

dell@DESKTOP-IH76GT1 MINGW64 ~/desktop/PROJECT1 (main)
$ git remote show origin
* remote origin
  Fetch URL: https://github.com/Tasneeahmad01/Khan-bhai.git
  Push  URL: https://github.com/Tasneeahmad01/Khan-bhai.git
  HEAD branch: main
  Remote branches:
    future new (next fetch will store in remotes/origin)
    main   tracked
    rest   new (next fetch will store in remotes/origin)
  Local ref configured for 'git push':
    main pushes to main (up to date)

dell@DESKTOP-IH76GT1 MINGW64 ~/desktop/PROJECT1 (main)
$ git diff main origin/main

dell@DESKTOP-IH76GT1 MINGW64 ~/desktop/PROJECT1 (main)
$ git checkout main
Already on 'main'
M       public/css/style.css

dell@DESKTOP-IH76GT1 MINGW64 ~/desktop/PROJECT1 (main)
$ git add .
git commit -m "Your commit message"
warning: in the working copy of 'public/css/style.css', CRLF will be replaced by
 LF the next time Git touches it
error: 'Project1/' does not have a commit checked out
fatal: adding files failed
On branch main
Changes not staged for commit:
  (use "git add <file>..." to update what will be committed)
  (use "git restore <file>..." to discard changes in working directory)
        modified:   public/css/style.css

clear
git config --global core.autocrlf true
git config --global core.autocrlf input
git add .
git status
clear
cd desktop
cd PPROJECT1
git add .
git config --global core.autocrlf true  # Set line ending configuration
git add .                                # Add all modified and untracked files
git status                               # Check status (optional)
git commit -m "Your commit message"      # Commit changes
git prune
git gc
git status
clear
cd PROJECT1
git remote
git remote add origin https://github.com/Tasneeahmad01/T.git
git remote -v
git branch
git branch -M hello
git push origin hello
git pull origin hello
git checkout 
git branch
git push origin hello 
git status
git remote show origin
git diff hello origin/hello
git add .
git commit -m "Your commit message here"
git push origin hello
clear
nodemon app.js
clear
nodemon app.js
cd ..
cd REE
git add .
git status
git commit -m"commit"
git status
git push
git remote add origin https://github.com/Tasneeahmad01/simple.git
git init
git remote add origin https://github.com/Tasneeahmad01/simple.git
git remote -v
git branch -M hello
git push origin hello
git branch -M ccsu
git push origin ccsu
git branch
git checkout main
git push origin main
cd ..
cd fff
ls -la
git init
ls -la
git remote add origin https://github.com/Tasneeahmad01/simple.git
git remote -v
git branch 
git branch -M tasneem
git branch
git push origin tasneem
cd tall
ls
cd tell
ls -la
git init
cd ..
ls
ls -la
git status
git add .
cd tell
ls -la
ls -la
git status
git add .
git status
git commit -m"hhhh"
git status
git remote add origin https://github.com/Tasneeahmad01/simple.git
git remote -v
git branch -M asad
git push origin asad
cd ..
cd ..
ls -la
git status
clear
cd project1
nodemon app,js
cd desktp
cd desktop
cd PROJECT1
nodemon app.js
clear
modemon app.js
nodemon app.js
cd desktop
cd PROJECT1
nodemon app.js
cd desktop
ls
cd MIDDLEWEARE
cd  MIDDLEWARES/
ls -la
nodemon app.js
